// Jest Snapshot v1, https://goo.gl/fbAQLP

exports[`renders AnimatedWaves component correctly 1`] = `
<div>
  <div
    style="position: relative; width: 100%; height: 100%; overflow: hidden; pointer-events: auto;"
  >
    <div
      style="width: 100%; height: 100%;"
    >
      <canvas
        style="display: block;"
      />
    </div>
  </div>
</div>
`;
