// Jest Snapshot v1, https://goo.gl/fbAQLP

exports[`DeleteConversationModal  matches snapshot 1`] = `
<div>
  <div
    class="modal-backdrop open"
  >
    <div
      class="modal open"
    >
      <button
        class="modal-close"
      >
        <svg
          aria-hidden="true"
          class="svg-inline--fa fa-xmark "
          data-icon="xmark"
          data-prefix="fas"
          focusable="false"
          role="img"
          viewBox="0 0 384 512"
          xmlns="http://www.w3.org/2000/svg"
        >
          <path
            d="M342.6 150.6c12.5-12.5 12.5-32.8 0-45.3s-32.8-12.5-45.3 0L192 210.7 86.6 105.4c-12.5-12.5-32.8-12.5-45.3 0s-12.5 32.8 0 45.3L146.7 256 41.4 361.4c-12.5 12.5-12.5 32.8 0 45.3s32.8 12.5 45.3 0L192 301.3 297.4 406.6c12.5 12.5 32.8 12.5 45.3 0s12.5-32.8 0-45.3L237.3 256 342.6 150.6z"
            fill="currentColor"
          />
        </svg>
      </button>
      <div
        class="text-center w-56"
      >
        <div
          class="mx-auto my-4 w48 text-white"
        >
          <svg
            aria-hidden="true"
            class="svg-inline--fa fa-trash "
            data-icon="trash"
            data-prefix="fas"
            focusable="false"
            role="img"
            viewBox="0 0 448 512"
            xmlns="http://www.w3.org/2000/svg"
          >
            <path
              d="M135.2 17.7L128 32H32C14.3 32 0 46.3 0 64S14.3 96 32 96H416c17.7 0 32-14.3 32-32s-14.3-32-32-32H320l-7.2-14.3C307.4 6.8 296.3 0 284.2 0H163.8c-12.1 0-23.2 6.8-28.6 17.7zM416 128H32L53.2 467c1.6 25.3 22.6 45 47.9 45H346.9c25.3 0 46.3-19.7 47.9-45L416 128z"
              fill="currentColor"
            />
          </svg>
          <h3
            class="text-lg"
          >
            Confirm Delete
          </h3>
          <p
            class="text-sm pb-6 pt-6"
          >
            Are you sure you want to delete this conversation?
          </p>
          <div
            class="flex gap-4"
          >
            <button
              class="btn btn-danger w-full"
            >
              Delete
            </button>
            <button
              class="btn btn-light w-full"
            >
              Cancel
            </button>
          </div>
        </div>
      </div>
    </div>
  </div>
</div>
`;
