// Jest Snapshot v1, https://goo.gl/fbAQLP

exports[`SidebarItem matches snapshot 1`] = `
<div>
  <li>
    <a
      class="sidebar-item sidebar-item-selected"
      href="/chat/1"
    >
      <svg
        aria-hidden="true"
        class="svg-inline--fa fa-message "
        data-icon="message"
        data-prefix="fas"
        focusable="false"
        role="img"
        viewBox="0 0 512 512"
        xmlns="http://www.w3.org/2000/svg"
      >
        <path
          d="M64 0C28.7 0 0 28.7 0 64V352c0 35.3 28.7 64 64 64h96v80c0 6.1 3.4 11.6 8.8 14.3s11.9 2.1 16.8-1.5L309.3 416H448c35.3 0 64-28.7 64-64V64c0-35.3-28.7-64-64-64H64z"
          fill="currentColor"
        />
      </svg>
      <span
        class="truncate w-full"
        title="test"
      >
        test
      </span>
      <svg
        aria-hidden="true"
        class="svg-inline--fa fa-trash action-delete"
        data-icon="trash"
        data-prefix="fas"
        focusable="false"
        role="img"
        viewBox="0 0 448 512"
        xmlns="http://www.w3.org/2000/svg"
      >
        <path
          d="M135.2 17.7L128 32H32C14.3 32 0 46.3 0 64S14.3 96 32 96H416c17.7 0 32-14.3 32-32s-14.3-32-32-32H320l-7.2-14.3C307.4 6.8 296.3 0 284.2 0H163.8c-12.1 0-23.2 6.8-28.6 17.7zM416 128H32L53.2 467c1.6 25.3 22.6 45 47.9 45H346.9c25.3 0 46.3-19.7 47.9-45L416 128z"
          fill="currentColor"
        />
      </svg>
    </a>
  </li>
</div>
`;
