// Jest Snapshot v1, https://goo.gl/fbAQLP

exports[`Sidebar matches snapshot 1`] = `
<div>
  <aside
    class="sidebar"
  >
    <a
      class="sidebar-item btn"
      href="/chat"
    >
      <svg
        aria-hidden="true"
        class="svg-inline--fa fa-plus "
        data-icon="plus"
        data-prefix="fas"
        focusable="false"
        role="img"
        viewBox="0 0 448 512"
        xmlns="http://www.w3.org/2000/svg"
      >
        <path
          d="M256 80c0-17.7-14.3-32-32-32s-32 14.3-32 32V224H48c-17.7 0-32 14.3-32 32s14.3 32 32 32H192V432c0 17.7 14.3 32 32 32s32-14.3 32-32V288H400c17.7 0 32-14.3 32-32s-14.3-32-32-32H256V80z"
          fill="currentColor"
        />
      </svg>
      New Chat
    </a>
    <nav
      class="sidebar-list"
    >
      <ul>
        <li
          class="sidebar-item flex-col"
        >
          <div
            role="status"
          >
            <svg
              aria-hidden="true"
              class="spinner"
              fill="none"
              viewBox="0 0 100 101"
              xmlns="http://www.w3.org/2000/svg"
            >
              <path
                d="M100 50.5908C100 78.2051 77.6142 100.591 50 100.591C22.3858 100.591 0 78.2051 0 50.5908C0 22.9766 22.3858 0.59082 50 0.59082C77.6142 0.59082 100 22.9766 100 50.5908ZM9.08144 50.5908C9.08144 73.1895 27.4013 91.5094 50 91.5094C72.5987 91.5094 90.9186 73.1895 90.9186 50.5908C90.9186 27.9921 72.5987 9.67226 50 9.67226C27.4013 9.67226 9.08144 27.9921 9.08144 50.5908Z"
                fill="currentColor"
              />
              <path
                d="M93.9676 39.0409C96.393 38.4038 97.8624 35.9116 97.0079 33.5539C95.2932 28.8227 92.871 24.3692 89.8167 20.348C85.8452 15.1192 80.8826 10.7238 75.2124 7.41289C69.5422 4.10194 63.2754 1.94025 56.7698 1.05124C51.7666 0.367541 46.6976 0.446843 41.7345 1.27873C39.2613 1.69328 37.813 4.19778 38.4501 6.62326C39.0873 9.04874 41.5694 10.4717 44.0505 10.1071C47.8511 9.54855 51.7191 9.52689 55.5402 10.0491C60.8642 10.7766 65.9928 12.5457 70.6331 15.2552C75.2735 17.9648 79.3347 21.5619 82.5849 25.841C84.9175 28.9121 86.7997 32.2913 88.1811 35.8758C89.083 38.2158 91.5421 39.6781 93.9676 39.0409Z"
                fill="currentFill"
              />
            </svg>
            <span
              class="sr-only"
            >
              Loading...
            </span>
          </div>
        </li>
      </ul>
    </nav>
    <a
      class="sidebar-item"
      href="/api/auth/logout"
    >
      <svg
        aria-hidden="true"
        class="svg-inline--fa fa-right-from-bracket "
        data-icon="right-from-bracket"
        data-prefix="fas"
        focusable="false"
        role="img"
        viewBox="0 0 512 512"
        xmlns="http://www.w3.org/2000/svg"
      >
        <path
          d="M377.9 105.9L500.7 228.7c7.2 7.2 11.3 17.1 11.3 27.3s-4.1 20.1-11.3 27.3L377.9 406.1c-6.4 6.4-15 9.9-24 9.9c-18.7 0-33.9-15.2-33.9-33.9l0-62.1-128 0c-17.7 0-32-14.3-32-32l0-64c0-17.7 14.3-32 32-32l128 0 0-62.1c0-18.7 15.2-33.9 33.9-33.9c9 0 17.6 3.6 24 9.9zM160 96L96 96c-17.7 0-32 14.3-32 32l0 256c0 17.7 14.3 32 32 32l64 0c17.7 0 32 14.3 32 32s-14.3 32-32 32l-64 0c-53 0-96-43-96-96L0 128C0 75 43 32 96 32l64 0c17.7 0 32 14.3 32 32s-14.3 32-32 32z"
          fill="currentColor"
        />
      </svg>
      Logout
    </a>
  </aside>
  <div
    class="modal-backdrop invisible"
  >
    <div
      class="modal"
    >
      <button
        class="modal-close"
      >
        <svg
          aria-hidden="true"
          class="svg-inline--fa fa-xmark "
          data-icon="xmark"
          data-prefix="fas"
          focusable="false"
          role="img"
          viewBox="0 0 384 512"
          xmlns="http://www.w3.org/2000/svg"
        >
          <path
            d="M342.6 150.6c12.5-12.5 12.5-32.8 0-45.3s-32.8-12.5-45.3 0L192 210.7 86.6 105.4c-12.5-12.5-32.8-12.5-45.3 0s-12.5 32.8 0 45.3L146.7 256 41.4 361.4c-12.5 12.5-12.5 32.8 0 45.3s32.8 12.5 45.3 0L192 301.3 297.4 406.6c12.5 12.5 32.8 12.5 45.3 0s12.5-32.8 0-45.3L237.3 256 342.6 150.6z"
            fill="currentColor"
          />
        </svg>
      </button>
      <div
        class="text-center w-56"
      >
        <div
          class="mx-auto my-4 w48 text-white"
        >
          <svg
            aria-hidden="true"
            class="svg-inline--fa fa-trash "
            data-icon="trash"
            data-prefix="fas"
            focusable="false"
            role="img"
            viewBox="0 0 448 512"
            xmlns="http://www.w3.org/2000/svg"
          >
            <path
              d="M135.2 17.7L128 32H32C14.3 32 0 46.3 0 64S14.3 96 32 96H416c17.7 0 32-14.3 32-32s-14.3-32-32-32H320l-7.2-14.3C307.4 6.8 296.3 0 284.2 0H163.8c-12.1 0-23.2 6.8-28.6 17.7zM416 128H32L53.2 467c1.6 25.3 22.6 45 47.9 45H346.9c25.3 0 46.3-19.7 47.9-45L416 128z"
              fill="currentColor"
            />
          </svg>
          <h3
            class="text-lg"
          >
            Confirm Delete
          </h3>
          <p
            class="text-sm pb-6 pt-6"
          >
            Are you sure you want to delete this conversation?
          </p>
          <div
            class="flex gap-4"
          >
            <button
              class="btn btn-danger w-full"
            >
              Delete
            </button>
            <button
              class="btn btn-light w-full"
            >
              Cancel
            </button>
          </div>
        </div>
      </div>
    </div>
  </div>
</div>
`;
